../Drivers/lvgl/src/layouts/flex/../../core/../misc/../font/../misc/lv_area.h:110:20:lv_area_copy	16	static
../Drivers/lvgl/src/layouts/flex/../../core/../misc/../font/../misc/lv_area.h:123:26:lv_area_get_width	16	static
../Drivers/lvgl/src/layouts/flex/../../core/../misc/../font/../misc/lv_area.h:133:26:lv_area_get_height	16	static
../Drivers/lvgl/src/layouts/flex/../../core/lv_obj_style_gen.h:4:26:lv_obj_get_style_width	24	static
../Drivers/lvgl/src/layouts/flex/../../core/lv_obj_style_gen.h:10:26:lv_obj_get_style_min_width	24	static
../Drivers/lvgl/src/layouts/flex/../../core/lv_obj_style_gen.h:16:26:lv_obj_get_style_max_width	24	static
../Drivers/lvgl/src/layouts/flex/../../core/lv_obj_style_gen.h:22:26:lv_obj_get_style_height	24	static
../Drivers/lvgl/src/layouts/flex/../../core/lv_obj_style_gen.h:28:26:lv_obj_get_style_min_height	24	static
../Drivers/lvgl/src/layouts/flex/../../core/lv_obj_style_gen.h:34:26:lv_obj_get_style_max_height	24	static
../Drivers/lvgl/src/layouts/flex/../../core/lv_obj_style_gen.h:70:26:lv_obj_get_style_translate_x	24	static
../Drivers/lvgl/src/layouts/flex/../../core/lv_obj_style_gen.h:76:26:lv_obj_get_style_translate_y	24	static
../Drivers/lvgl/src/layouts/flex/../../core/lv_obj_style_gen.h:106:26:lv_obj_get_style_pad_top	24	static
../Drivers/lvgl/src/layouts/flex/../../core/lv_obj_style_gen.h:118:26:lv_obj_get_style_pad_left	24	static
../Drivers/lvgl/src/layouts/flex/../../core/lv_obj_style_gen.h:130:26:lv_obj_get_style_pad_row	24	static
../Drivers/lvgl/src/layouts/flex/../../core/lv_obj_style_gen.h:136:26:lv_obj_get_style_pad_column	24	static
../Drivers/lvgl/src/layouts/flex/../../core/lv_obj_style_gen.h:142:26:lv_obj_get_style_margin_top	24	static
../Drivers/lvgl/src/layouts/flex/../../core/lv_obj_style_gen.h:148:26:lv_obj_get_style_margin_bottom	24	static
../Drivers/lvgl/src/layouts/flex/../../core/lv_obj_style_gen.h:154:26:lv_obj_get_style_margin_left	24	static
../Drivers/lvgl/src/layouts/flex/../../core/lv_obj_style_gen.h:160:26:lv_obj_get_style_margin_right	24	static
../Drivers/lvgl/src/layouts/flex/../../core/lv_obj_style_gen.h:280:26:lv_obj_get_style_border_width	24	static
../Drivers/lvgl/src/layouts/flex/../../core/lv_obj_style_gen.h:286:32:lv_obj_get_style_border_side	24	static
../Drivers/lvgl/src/layouts/flex/../../core/lv_obj_style_gen.h:586:29:lv_obj_get_style_base_dir	24	static
../Drivers/lvgl/src/layouts/flex/../../core/lv_obj_style.h:271:26:lv_obj_get_style_space_left	24	static
../Drivers/lvgl/src/layouts/flex/../../core/lv_obj_style.h:287:26:lv_obj_get_style_space_top	24	static
../Drivers/lvgl/src/layouts/flex/lv_flex.h:112:30:lv_obj_get_style_flex_flow	24	static
../Drivers/lvgl/src/layouts/flex/lv_flex.h:118:31:lv_obj_get_style_flex_main_place	24	static
../Drivers/lvgl/src/layouts/flex/lv_flex.h:124:31:lv_obj_get_style_flex_cross_place	24	static
../Drivers/lvgl/src/layouts/flex/lv_flex.h:130:31:lv_obj_get_style_flex_track_place	24	static
../Drivers/lvgl/src/layouts/flex/lv_flex.h:136:23:lv_obj_get_style_flex_grow	24	static
../Drivers/lvgl/src/layouts/flex/lv_flex.c:98:6:lv_flex_init	8	static
../Drivers/lvgl/src/layouts/flex/lv_flex.c:108:6:lv_obj_set_flex_flow	16	static
../Drivers/lvgl/src/layouts/flex/lv_flex.c:114:6:lv_obj_set_flex_align	16	static
../Drivers/lvgl/src/layouts/flex/lv_flex.c:123:6:lv_obj_set_flex_grow	16	static
../Drivers/lvgl/src/layouts/flex/lv_flex.c:130:6:lv_style_set_flex_flow	24	static
../Drivers/lvgl/src/layouts/flex/lv_flex.c:138:6:lv_style_set_flex_main_place	24	static
../Drivers/lvgl/src/layouts/flex/lv_flex.c:146:6:lv_style_set_flex_cross_place	24	static
../Drivers/lvgl/src/layouts/flex/lv_flex.c:154:6:lv_style_set_flex_track_place	24	static
../Drivers/lvgl/src/layouts/flex/lv_flex.c:162:6:lv_style_set_flex_grow	24	static
../Drivers/lvgl/src/layouts/flex/lv_flex.c:171:6:lv_obj_set_style_flex_flow	32	static
../Drivers/lvgl/src/layouts/flex/lv_flex.c:179:6:lv_obj_set_style_flex_main_place	32	static
../Drivers/lvgl/src/layouts/flex/lv_flex.c:187:6:lv_obj_set_style_flex_cross_place	32	static
../Drivers/lvgl/src/layouts/flex/lv_flex.c:195:6:lv_obj_set_style_flex_track_place	32	static
../Drivers/lvgl/src/layouts/flex/lv_flex.c:203:6:lv_obj_set_style_flex_grow	32	static
../Drivers/lvgl/src/layouts/flex/lv_flex.c:215:13:flex_update	144	static
../Drivers/lvgl/src/layouts/flex/lv_flex.c:322:16:find_track_end	56	static
../Drivers/lvgl/src/layouts/flex/lv_flex.c:407:13:children_repos	128	static
../Drivers/lvgl/src/layouts/flex/lv_flex.c:561:13:place_content	16	static
../Drivers/lvgl/src/layouts/flex/lv_flex.c:601:19:get_next_item	24	static
../Drivers/lvgl/src/layouts/flex/lv_flex.c:615:19:lv_obj_get_width_with_margin	24	static
../Drivers/lvgl/src/layouts/flex/lv_flex.c:622:19:lv_obj_get_height_with_margin	24	static
