../Drivers/lvgl/src/themes/default/../../../src/core/../misc/../font/../misc/lv_area.h:286:26:lv_pct	16	static
../Drivers/lvgl/src/themes/default/../../../src/core/../misc/lv_color.h:340:20:lv_color16_set_int	16	static
../Drivers/lvgl/src/themes/default/../../../src/core/../misc/lv_color.h:355:20:lv_color_set_int	16	static
../Drivers/lvgl/src/themes/default/../../../src/core/../misc/lv_color.h:365:24:lv_color16_to_int	24	static
../Drivers/lvgl/src/themes/default/../../../src/core/../misc/lv_color.h:382:24:lv_color_to_int	16	static
../Drivers/lvgl/src/themes/default/../../../src/core/../misc/lv_color.h:583:48:lv_color_mix	40	static
../Drivers/lvgl/src/themes/default/../../../src/core/../misc/lv_color.h:715:26:lv_color_make	16	static
../Drivers/lvgl/src/themes/default/../../../src/core/../misc/lv_color.h:720:26:lv_color_hex	24	static
../Drivers/lvgl/src/themes/default/../../../src/core/../misc/lv_color.h:759:20:lv_color_filter_dsc_init	16	static
../Drivers/lvgl/src/themes/default/../../../src/core/../misc/lv_color.h:815:26:lv_color_white	8	static
../Drivers/lvgl/src/themes/default/../../../src/core/../misc/lv_style.h:530:20:lv_style_set_size	16	static
../Drivers/lvgl/src/themes/default/../../../src/core/../misc/lv_style.h:536:20:lv_style_set_pad_all	16	static
../Drivers/lvgl/src/themes/default/../../../src/core/../misc/lv_style.h:544:20:lv_style_set_pad_hor	16	static
../Drivers/lvgl/src/themes/default/../../../src/core/../misc/lv_style.h:550:20:lv_style_set_pad_ver	16	static
../Drivers/lvgl/src/themes/default/../../../src/core/../misc/lv_style.h:556:20:lv_style_set_pad_gap	16	static
../Drivers/lvgl/src/themes/default/../../../src/core/../core/lv_disp.h:571:26:lv_disp_dpx	16	static
../Drivers/lvgl/src/themes/default/lv_theme_default.c:193:19:dark_color_filter_cb	16	static
../Drivers/lvgl/src/themes/default/lv_theme_default.c:199:19:grey_filter_cb	16	static
../Drivers/lvgl/src/themes/default/lv_theme_default.c:206:13:style_init	32	static
../Drivers/lvgl/src/themes/default/lv_theme_default.c:651:14:lv_theme_default_init	24	static
../Drivers/lvgl/src/themes/default/lv_theme_default.c:686:14:lv_theme_default_get	8	static
../Drivers/lvgl/src/themes/default/lv_theme_default.c:695:6:lv_theme_default_is_inited	4	static
../Drivers/lvgl/src/themes/default/lv_theme_default.c:701:13:theme_apply	24	static
../Drivers/lvgl/src/themes/default/lv_theme_default.c:1174:13:style_init_reset	16	static
