../Drivers/CMSIS/Include/core_cm7.h:2265:22:SCB_InvalidateICache	4	static,ignoring_inline_asm
../Drivers/CMSIS/Include/core_cm7.h:2427:22:SCB_CleanInvalidateDCache	24	static,ignoring_inline_asm
../Drivers/hal_stm_lvgl/tft/tft.c:111:6:tft_init	8	static
../Drivers/hal_stm_lvgl/tft/tft.c:171:13:ex_disp_flush	64	static
../Drivers/hal_stm_lvgl/tft/tft.c:215:13:ex_disp_clean_dcache	16	static
../Drivers/hal_stm_lvgl/tft/tft.c:224:13:LCD_MspInit	64	static
../Drivers/hal_stm_lvgl/tft/tft.c:292:13:LCD_ClockConfig	8	static
../Drivers/hal_stm_lvgl/tft/tft.c:312:16:LCD_Init	16	static
../Drivers/hal_stm_lvgl/tft/tft.c:371:13:LCD_LayerRgb565Init	72	static
../Drivers/hal_stm_lvgl/tft/tft.c:402:13:LCD_DisplayOn	8	static
../Drivers/hal_stm_lvgl/tft/tft.c:410:13:DMA_Config	16	static
../Drivers/hal_stm_lvgl/tft/tft.c:455:13:DMA_TransferComplete	24	static
../Drivers/hal_stm_lvgl/tft/tft.c:486:13:DMA_TransferError	16	static
../Drivers/hal_stm_lvgl/tft/tft.c:496:6:DMA2_Stream0_IRQHandler	8	static
