../Drivers/lvgl/src/themes/mono/../../../src/core/../misc/lv_color.h:715:26:lv_color_make	16	static
../Drivers/lvgl/src/themes/mono/../../../src/core/../misc/lv_color.h:815:26:lv_color_white	8	static
../Drivers/lvgl/src/themes/mono/../../../src/core/../misc/lv_color.h:819:26:lv_color_black	8	static
../Drivers/lvgl/src/themes/mono/../../../src/core/../misc/lv_style.h:530:20:lv_style_set_size	16	static
../Drivers/lvgl/src/themes/mono/../../../src/core/../misc/lv_style.h:536:20:lv_style_set_pad_all	16	static
../Drivers/lvgl/src/themes/mono/../../../src/core/../misc/lv_style.h:556:20:lv_style_set_pad_gap	16	static
../Drivers/lvgl/src/themes/mono/../../../src/core/../core/lv_disp.h:571:26:lv_disp_dpx	16	static
../Drivers/lvgl/src/themes/mono/lv_theme_mono.c:80:13:style_init	24	static
../Drivers/lvgl/src/themes/mono/lv_theme_mono.c:178:6:lv_theme_mono_is_inited	4	static
../Drivers/lvgl/src/themes/mono/lv_theme_mono.c:183:14:lv_theme_mono_init	24	static
../Drivers/lvgl/src/themes/mono/lv_theme_mono.c:211:13:theme_apply	24	static
../Drivers/lvgl/src/themes/mono/lv_theme_mono.c:506:13:style_init_reset	16	static
