../Drivers/lvgl/src/widgets/roller/../../core/../misc/../font/lv_font.h:122:26:lv_font_get_line_height	16	static
../Drivers/lvgl/src/widgets/roller/../../core/../misc/lv_anim.h:125:20:lv_anim_set_var	16	static
../Drivers/lvgl/src/widgets/roller/../../core/../misc/lv_anim.h:137:20:lv_anim_set_exec_cb	16	static
../Drivers/lvgl/src/widgets/roller/../../core/../misc/lv_anim.h:147:20:lv_anim_set_time	16	static
../Drivers/lvgl/src/widgets/roller/../../core/../misc/lv_anim.h:168:20:lv_anim_set_values	24	static
../Drivers/lvgl/src/widgets/roller/../../core/../misc/lv_anim.h:195:20:lv_anim_set_path_cb	16	static
../Drivers/lvgl/src/widgets/roller/../../core/../misc/lv_anim.h:226:20:lv_anim_set_ready_cb	16	static
../Drivers/lvgl/src/widgets/roller/../../core/lv_obj_style_gen.h:118:26:lv_obj_get_style_pad_left	24	static
../Drivers/lvgl/src/widgets/roller/../../core/lv_obj_style_gen.h:124:26:lv_obj_get_style_pad_right	24	static
../Drivers/lvgl/src/widgets/roller/../../core/lv_obj_style_gen.h:280:26:lv_obj_get_style_border_width	24	static
../Drivers/lvgl/src/widgets/roller/../../core/lv_obj_style_gen.h:490:33:lv_obj_get_style_text_font	24	static
../Drivers/lvgl/src/widgets/roller/../../core/lv_obj_style_gen.h:496:26:lv_obj_get_style_text_letter_space	24	static
../Drivers/lvgl/src/widgets/roller/../../core/lv_obj_style_gen.h:502:26:lv_obj_get_style_text_line_space	24	static
../Drivers/lvgl/src/widgets/roller/../../core/lv_obj_style_gen.h:556:24:lv_obj_get_style_anim_time	24	static
../Drivers/lvgl/src/widgets/roller/lv_roller.c:79:12:lv_roller_create	24	static
../Drivers/lvgl/src/widgets/roller/lv_roller.c:97:6:lv_roller_set_options	64	static
../Drivers/lvgl/src/widgets/roller/lv_roller.c:159:6:lv_roller_set_selected	32	static
../Drivers/lvgl/src/widgets/roller/lv_roller.c:198:6:lv_roller_set_visible_row_count	24	static
../Drivers/lvgl/src/widgets/roller/lv_roller.c:217:10:lv_roller_get_selected	24	static
../Drivers/lvgl/src/widgets/roller/lv_roller.c:237:6:lv_roller_get_selected_str	56	static
../Drivers/lvgl/src/widgets/roller/lv_roller.c:270:14:lv_roller_get_options	16	static
../Drivers/lvgl/src/widgets/roller/lv_roller.c:283:10:lv_roller_get_option_cnt	24	static
../Drivers/lvgl/src/widgets/roller/lv_roller.c:301:13:lv_roller_constructor	24	static
../Drivers/lvgl/src/widgets/roller/lv_roller.c:322:13:lv_roller_event	72	static
../Drivers/lvgl/src/widgets/roller/lv_roller.c:425:13:lv_roller_label_event	40	static
../Drivers/lvgl/src/widgets/roller/lv_roller.c:457:13:draw_main	200	static
../Drivers/lvgl/src/widgets/roller/lv_roller.c:531:13:draw_label	112	static
../Drivers/lvgl/src/widgets/roller/lv_roller.c:581:13:get_sel_area	48	static
../Drivers/lvgl/src/widgets/roller/lv_roller.c:605:13:refr_position	144	static
../Drivers/lvgl/src/widgets/roller/lv_roller.c:665:17:release_handler	104	static
../Drivers/lvgl/src/widgets/roller/lv_roller.c:742:13:inf_normalize	48	static
../Drivers/lvgl/src/widgets/roller/lv_roller.c:770:19:get_label	16	static
../Drivers/lvgl/src/widgets/roller/lv_roller.c:776:19:get_selected_label_width	56	static
../Drivers/lvgl/src/widgets/roller/lv_roller.c:789:13:scroll_anim_ready_cb	24	static
../Drivers/lvgl/src/widgets/roller/lv_roller.c:796:13:set_y_anim	16	static
