../Drivers/lvgl/src/widgets/canvas/../img/../../core/../misc/lv_mem.h:82:20:lv_memzero	16	static
../Drivers/lvgl/src/widgets/canvas/../img/../../core/../misc/lv_color.h:365:24:lv_color16_to_int	24	static
../Drivers/lvgl/src/widgets/canvas/../img/../../core/../misc/lv_color.h:382:24:lv_color_to_int	16	static
../Drivers/lvgl/src/widgets/canvas/../img/../../core/lv_obj_style_gen.h:376:26:lv_obj_get_style_img_recolor	24	static
../Drivers/lvgl/src/widgets/canvas/lv_canvas.c:53:12:lv_canvas_create	24	static
../Drivers/lvgl/src/widgets/canvas/lv_canvas.c:65:6:lv_canvas_set_buffer	32	static
../Drivers/lvgl/src/widgets/canvas/lv_canvas.c:81:6:lv_canvas_set_px	56	static
../Drivers/lvgl/src/widgets/canvas/lv_canvas.c:108:6:lv_canvas_set_palette	32	static
../Drivers/lvgl/src/widgets/canvas/lv_canvas.c:122:6:lv_canvas_get_px	48	static
../Drivers/lvgl/src/widgets/canvas/lv_canvas.c:133:16:lv_canvas_get_img	24	static
../Drivers/lvgl/src/widgets/canvas/lv_canvas.c:145:6:lv_canvas_copy_buf	48	static
../Drivers/lvgl/src/widgets/canvas/lv_canvas.c:168:6:lv_canvas_transform	160	static
../Drivers/lvgl/src/widgets/canvas/lv_canvas.c:240:6:lv_canvas_blur_hor	24	static
../Drivers/lvgl/src/widgets/canvas/lv_canvas.c:350:6:lv_canvas_blur_ver	24	static
../Drivers/lvgl/src/widgets/canvas/lv_canvas.c:459:6:lv_canvas_fill_bg	40	static
../Drivers/lvgl/src/widgets/canvas/lv_canvas.c:476:6:lv_canvas_draw_rect	48	static
../Drivers/lvgl/src/widgets/canvas/lv_canvas.c:506:6:lv_canvas_draw_text	56	static
../Drivers/lvgl/src/widgets/canvas/lv_canvas.c:535:6:lv_canvas_draw_img	64	static
../Drivers/lvgl/src/widgets/canvas/lv_canvas.c:571:6:lv_canvas_draw_line	48	static
../Drivers/lvgl/src/widgets/canvas/lv_canvas.c:598:6:lv_canvas_draw_polygon	40	static
../Drivers/lvgl/src/widgets/canvas/lv_canvas.c:622:6:lv_canvas_draw_arc	56	static
../Drivers/lvgl/src/widgets/canvas/lv_canvas.c:662:13:lv_canvas_constructor	24	static
../Drivers/lvgl/src/widgets/canvas/lv_canvas.c:681:13:lv_canvas_destructor	24	static
../Drivers/lvgl/src/widgets/canvas/lv_canvas.c:691:24:init_fake_disp	24	static
../Drivers/lvgl/src/widgets/canvas/lv_canvas.c:712:13:deinit_fake_disp	16	static
