../Drivers/lvgl/src/widgets/led/../../core/../misc/lv_color.h:340:20:lv_color16_set_int	16	static
../Drivers/lvgl/src/widgets/led/../../core/../misc/lv_color.h:355:20:lv_color_set_int	16	static
../Drivers/lvgl/src/widgets/led/../../core/../misc/lv_color.h:365:24:lv_color16_to_int	24	static
../Drivers/lvgl/src/widgets/led/../../core/../misc/lv_color.h:382:24:lv_color_to_int	16	static
../Drivers/lvgl/src/widgets/led/../../core/../misc/lv_color.h:517:28:lv_color_to32	24	static
../Drivers/lvgl/src/widgets/led/../../core/../misc/lv_color.h:583:48:lv_color_mix	40	static
../Drivers/lvgl/src/widgets/led/../../core/../misc/lv_color.h:707:23:lv_color_brightness	24	static
../Drivers/lvgl/src/widgets/led/../../core/../misc/lv_color.h:715:26:lv_color_make	16	static
../Drivers/lvgl/src/widgets/led/../../core/../misc/lv_color.h:819:26:lv_color_black	8	static
../Drivers/lvgl/src/widgets/led/lv_led.c:56:12:lv_led_create	24	static
../Drivers/lvgl/src/widgets/led/lv_led.c:73:6:lv_led_set_color	24	static
../Drivers/lvgl/src/widgets/led/lv_led.c:87:6:lv_led_set_brightness	24	static
../Drivers/lvgl/src/widgets/led/lv_led.c:104:6:lv_led_on	16	static
../Drivers/lvgl/src/widgets/led/lv_led.c:113:6:lv_led_off	16	static
../Drivers/lvgl/src/widgets/led/lv_led.c:122:6:lv_led_toggle	24	static
../Drivers/lvgl/src/widgets/led/lv_led.c:140:9:lv_led_get_brightness	24	static
../Drivers/lvgl/src/widgets/led/lv_led.c:152:13:lv_led_constructor	32	static
../Drivers/lvgl/src/widgets/led/lv_led.c:160:13:lv_led_event	168	static
